9 ESLint rules behave differently from their TSLint counterparts:
  * arrow-body-style:
    - ESLint will throw an error if the function body is multiline yet has a one-line return on it.
  * no-console:
    - Custom console methods, if they exist, will no longer be allowed.
  * no-invalid-this:
    - Functions in methods will no longer be ignored.
  * @typescript-eslint/no-unused-expressions:
    - The TSLint optional config "allow-new" is the default ESLint behavior and will no longer be ignored.
  * brace-style:
    - ESLint's brace-style will check all tokens.
  * import/order:
    - Option 'named-imports-order' is not supported by ESLint plugin 'eslint-plugin-import'
  * prefer-template:
    - Single concatenations will no longer be ignored.
  * eqeqeq:
    - Option "smart" allows for comparing two literal values, evaluating the value of typeof and null comparisons.
  * no-underscore-dangle:
    - Leading or trailing underscores (_) on identifiers will now be forbidden.

15 rules are not known by tslint-to-eslint-config to have ESLint equivalents:
  * tslint-to-eslint-config does not know the ESLint equivalent for TSLint's "banana-in-box".
  * tslint-to-eslint-config does not know the ESLint equivalent for TSLint's "contextual-life-cycle".
  * tslint-to-eslint-config does not know the ESLint equivalent for TSLint's "encoding".
  * tslint-to-eslint-config does not know the ESLint equivalent for TSLint's "import-spacing".
  * tslint-to-eslint-config does not know the ESLint equivalent for TSLint's "no-attribute-parameter-decorator".
  * tslint-to-eslint-config does not know the ESLint equivalent for TSLint's "no-output-named-after-standard-event".
  * tslint-to-eslint-config does not know the ESLint equivalent for TSLint's "number-literal-format".
  * tslint-to-eslint-config does not know the ESLint equivalent for TSLint's "nz-secondary-entry-imports".
  * tslint-to-eslint-config does not know the ESLint equivalent for TSLint's "pipe-impure".
  * tslint-to-eslint-config does not know the ESLint equivalent for TSLint's "prefer-method-signature".
  * tslint-to-eslint-config does not know the ESLint equivalent for TSLint's "templates-no-negated-async".
  * tslint-to-eslint-config does not know the ESLint equivalent for TSLint's "use-input-property-decorator".
  * tslint-to-eslint-config does not know the ESLint equivalent for TSLint's "use-life-cycle-interface".
  * tslint-to-eslint-config does not know the ESLint equivalent for TSLint's "use-output-property-decorator".
  * tslint-to-eslint-config does not know the ESLint equivalent for TSLint's "whitespace".

  * angular-whitespace

